  bear.cpp
  box.cpp
  camera.cpp
  DebugProc.cpp
  effect.cpp
  effect3D.cpp
  enemy.cpp
  fade.cpp
  funcCollisionPlayer_to_Enemy.cpp
  funcCollisionPlayer_to_Wall.cpp
  game.cpp
  key.cpp
  light.cpp
  loadmotion.cpp
  main.cpp
  manager.cpp
  meshcylinder.cpp
  meshfield.cpp
  meshSphere.cpp
  model.cpp
  コンパイル中...
  motion.cpp
  motionInfo.cpp
  Number.cpp
  object.cpp
  object2D.cpp
  object3D.cpp
  objectBillboard.cpp
  objectX.cpp
  particle.cpp
  particle3D.cpp
  pause.cpp
  player.cpp
  PrizeManager.cpp
  renderer.cpp
  result.cpp
  score.cpp
  shadow.cpp
  shadowStencil.cpp
  stateBear.cpp
  stateEnemy.cpp
  コンパイル中...
  statePlayer.cpp
  test.cpp
  texture.cpp
  title.cpp
  wall.cpp
  コード生成しています。
  Compiler switch has changed, fall back to full compilation.
  All 3218 functions were compiled because no usable IPDB/IOBJ from previous compilation was found.
  コード生成が終了しました。
  crane.vcxproj -> C:\Users\student\source\repos\crane\crane.exe
